query MyQuery($a: String, $b: String){
    query {
        ... on ObjectB {
            aField(a: $a, b: $b){
                __typename
                age
                name
            }
        }
        ... on ObjectC {
            aField(a: $a, b: $b){
                __typename
                age
                name
            }
        }
    }
}